// Jest Snapshot v1, https://goo.gl/fbAQLP

exports[`correctlly renders a component should render home component 1`] = `
<div
  className="homeContainer"
>
  <h1>
    Well come to our page
  </h1>
  <section>
    <h2>
      What we do
    </h2>
    <p>
      Lorem ipsum dolor sit amet consectetur adipisicing elit. Culpa iste aliquid id, earum itaque repellat commodi sint omnis tenetur veniam sit. Libero nihil rerum sed recusandae eius, dolorum illum? Praesentium. Lorem ipsum dolor sit amet consectetur adipisicing elit. Culpa iste aliquid id, earum itaque repellat commodi sint omnis tenetur veniam sit. Libero nihil rerum sed recusandae eius, dolorum illum? Praesentium. Lorem ipsum dolor sit amet consectetur adipisicing elit. Culpa iste aliquid id, earum itaque repellat commodi sint omnis tenetur veniam sit. Libero nihil rerum sed recusandae eius, dolorum illum? Praesentium.
    </p>
  </section>
  <section>
    <h2>
      What we are looking for
    </h2>
    <p>
      Lorem ipsum dolor sit amet consectetur adipisicing elit. Culpa iste aliquid id, earum itaque repellat commodi sint omnis tenetur veniam sit. Libero nihil rerum sed recusandae eius, dolorum illum? Praesentium. Lorem ipsum dolor sit amet consectetur adipisicing elit. Culpa iste aliquid id, earum itaque repellat commodi sint omnis tenetur veniam sit. Libero nihil rerum sed recusandae eius, dolorum illum? Praesentium. Lorem ipsum dolor sit amet consectetur adipisicing elit. Culpa iste aliquid id, earum itaque repellat commodi sint omnis tenetur veniam sit. Libero nihil rerum sed recusandae eius, dolorum illum? Praesentium.
    </p>
  </section>
</div>
`;
